gthr-default.h:229:1:int __gthread_key_delete(__gthread_key_t)	16	static
handlers.cpp:45:7:void NMI_Handler()	4	static
handlers.cpp:52:7:void HardFault_Handler()	4	static
handlers.cpp:59:7:void MemManage_Handler()	4	static
handlers.cpp:66:7:void BusFault_Handler()	4	static
handlers.cpp:73:7:void UsageFault_Handler()	4	static
handlers.cpp:80:7:void SVC_Handler()	4	static
handlers.cpp:87:7:void DebugMon_Handler()	4	static
handlers.cpp:94:7:void PendSV_Handler()	4	static
handlers.cpp:101:7:void SysTick_Handler()	8	static
handlers.cpp:119:6:void USART2_IRQHandler()	8	static
handlers.cpp:128:6:void EXTI15_10_IRQHandler()	8	static
handlers.cpp:137:6:void TIM2_IRQHandler()	8	static
