../QA_Drivers/QAD_ADC.hpp:178:2:QAD_ADC::QAD_ADC()	16	static
../QA_Drivers/QAD_ADC.hpp:196:18:static QAD_ADC& QAD_ADC::get()	8	static
../QA_Drivers/QAD_ADC.hpp:217:14:static void QAD_ADC::handler()	8	static
c:\st\stm32cubeide_1.7.0\stm32cubeide\plugins\com.st.stm32cube.ide.mcu.externaltools.gnu-tools-for-stm32.10.3-2021.10.win32_1.0.0.202111181127\tools\bin\../lib/gcc/arm-none-eabi/10.3.1/../../../../arm-none-eabi/include/c++/10.3.1/arm-none-eabi/thumb/v7e-m+fp/hard/bits/gthr-default.h:229:1:int __gthread_key_delete(__gthread_key_t)	16	static
../Core/handlers.cpp:47:7:void NMI_Handler()	4	static
../Core/handlers.cpp:54:7:void HardFault_Handler()	8	static
../Core/handlers.cpp:62:7:void MemManage_Handler()	8	static
../Core/handlers.cpp:70:7:void BusFault_Handler()	8	static
../Core/handlers.cpp:78:7:void UsageFault_Handler()	8	static
../Core/handlers.cpp:86:7:void SVC_Handler()	4	static
../Core/handlers.cpp:93:7:void DebugMon_Handler()	4	static
../Core/handlers.cpp:100:7:void PendSV_Handler()	4	static
../Core/handlers.cpp:107:7:void SysTick_Handler()	8	static
../Core/handlers.cpp:124:6:void USART2_IRQHandler()	8	static
../Core/handlers.cpp:131:6:void ADC_IRQHandler()	8	static
../Core/handlers.cpp:138:6:void EXTI15_10_IRQHandler()	4	static
