c:\st\stm32cubeide_1.7.0\stm32cubeide\plugins\com.st.stm32cube.ide.mcu.externaltools.gnu-tools-for-stm32.10.3-2021.10.win32_1.0.0.202111181127\tools\bin\../lib/gcc/arm-none-eabi/10.3.1/../../../../arm-none-eabi/include/c++/10.3.1/arm-none-eabi/thumb/v7e-m+fp/hard/bits/gthr-default.h:229:1:int __gthread_key_delete(__gthread_key_t)	16	static
../QA_Systems/QAS_Serial/QAS_Serial_Dev_UART.cpp:35:11:virtual QA_Result QAS_Serial_Dev_UART::imp_init(void*)	16	static
../QA_Systems/QAS_Serial/QAS_Serial_Dev_UART.cpp:44:6:virtual void QAS_Serial_Dev_UART::imp_deinit()	16	static
../QA_Systems/QAS_Serial/QAS_Serial_Dev_UART.cpp:57:6:virtual void QAS_Serial_Dev_UART::imp_handler(void*)	96	static
../QA_Systems/QAS_Serial/QAS_Serial_Dev_UART.cpp:88:6:virtual void QAS_Serial_Dev_UART::imp_txStart()	16	static
../QA_Systems/QAS_Serial/QAS_Serial_Dev_UART.cpp:97:6:virtual void QAS_Serial_Dev_UART::imp_txStop()	16	static
../QA_Systems/QAS_Serial/QAS_Serial_Dev_UART.cpp:106:6:virtual void QAS_Serial_Dev_UART::imp_rxStart()	16	static
../QA_Systems/QAS_Serial/QAS_Serial_Dev_UART.cpp:115:6:virtual void QAS_Serial_Dev_UART::imp_rxStop()	16	static
c:\st\stm32cubeide_1.7.0\stm32cubeide\plugins\com.st.stm32cube.ide.mcu.externaltools.gnu-tools-for-stm32.10.3-2021.10.win32_1.0.0.202111181127\tools\arm-none-eabi\include\c++\10.3.1\bits\unique_ptr.h:413:7:std::unique_ptr<_Tp, _Dp>::pointer std::unique_ptr<_Tp, _Dp>::operator->() const [with _Tp = QAD_UART; _Dp = std::default_delete<QAD_UART>]	16	static
c:\st\stm32cubeide_1.7.0\stm32cubeide\plugins\com.st.stm32cube.ide.mcu.externaltools.gnu-tools-for-stm32.10.3-2021.10.win32_1.0.0.202111181127\tools\arm-none-eabi\include\c++\10.3.1\bits\unique_ptr.h:413:7:std::unique_ptr<_Tp, _Dp>::pointer std::unique_ptr<_Tp, _Dp>::operator->() const [with _Tp = QAT_FIFOBuffer; _Dp = std::default_delete<QAT_FIFOBuffer>]	16	static
c:\st\stm32cubeide_1.7.0\stm32cubeide\plugins\com.st.stm32cube.ide.mcu.externaltools.gnu-tools-for-stm32.10.3-2021.10.win32_1.0.0.202111181127\tools\arm-none-eabi\include\c++\10.3.1\bits\unique_ptr.h:421:7:std::unique_ptr<_Tp, _Dp>::pointer std::unique_ptr<_Tp, _Dp>::get() const [with _Tp = QAD_UART; _Dp = std::default_delete<QAD_UART>]	16	static
c:\st\stm32cubeide_1.7.0\stm32cubeide\plugins\com.st.stm32cube.ide.mcu.externaltools.gnu-tools-for-stm32.10.3-2021.10.win32_1.0.0.202111181127\tools\arm-none-eabi\include\c++\10.3.1\bits\unique_ptr.h:421:7:std::unique_ptr<_Tp, _Dp>::pointer std::unique_ptr<_Tp, _Dp>::get() const [with _Tp = QAT_FIFOBuffer; _Dp = std::default_delete<QAT_FIFOBuffer>]	16	static
c:\st\stm32cubeide_1.7.0\stm32cubeide\plugins\com.st.stm32cube.ide.mcu.externaltools.gnu-tools-for-stm32.10.3-2021.10.win32_1.0.0.202111181127\tools\arm-none-eabi\include\c++\10.3.1\bits\unique_ptr.h:173:18:std::__uniq_ptr_impl<_Tp, _Dp>::pointer std::__uniq_ptr_impl<_Tp, _Dp>::_M_ptr() const [with _Tp = QAD_UART; _Dp = std::default_delete<QAD_UART>]	16	static
c:\st\stm32cubeide_1.7.0\stm32cubeide\plugins\com.st.stm32cube.ide.mcu.externaltools.gnu-tools-for-stm32.10.3-2021.10.win32_1.0.0.202111181127\tools\arm-none-eabi\include\c++\10.3.1\bits\unique_ptr.h:173:18:std::__uniq_ptr_impl<_Tp, _Dp>::pointer std::__uniq_ptr_impl<_Tp, _Dp>::_M_ptr() const [with _Tp = QAT_FIFOBuffer; _Dp = std::default_delete<QAT_FIFOBuffer>]	16	static
c:\st\stm32cubeide_1.7.0\stm32cubeide\plugins\com.st.stm32cube.ide.mcu.externaltools.gnu-tools-for-stm32.10.3-2021.10.win32_1.0.0.202111181127\tools\arm-none-eabi\include\c++\10.3.1\tuple:1304:5:>&) [with unsigned int __i = 0; _Elements = {QAD_UART*, std::default_delete<QAD_UART>}]	16	static
c:\st\stm32cubeide_1.7.0\stm32cubeide\plugins\com.st.stm32cube.ide.mcu.externaltools.gnu-tools-for-stm32.10.3-2021.10.win32_1.0.0.202111181127\tools\arm-none-eabi\include\c++\10.3.1\tuple:1304:5:>&) [with unsigned int __i = 0; _Elements = {QAT_FIFOBuffer*, std::default_delete<QAT_FIFOBuffer>}]	16	static
c:\st\stm32cubeide_1.7.0\stm32cubeide\plugins\com.st.stm32cube.ide.mcu.externaltools.gnu-tools-for-stm32.10.3-2021.10.win32_1.0.0.202111181127\tools\arm-none-eabi\include\c++\10.3.1\tuple:1292:5:>&) [with unsigned int __i = 0; _Head = QAD_UART*; _Tail = {std::default_delete<QAD_UART>}]	16	static
c:\st\stm32cubeide_1.7.0\stm32cubeide\plugins\com.st.stm32cube.ide.mcu.externaltools.gnu-tools-for-stm32.10.3-2021.10.win32_1.0.0.202111181127\tools\arm-none-eabi\include\c++\10.3.1\tuple:1292:5:>&) [with unsigned int __i = 0; _Head = QAT_FIFOBuffer*; _Tail = {std::default_delete<QAT_FIFOBuffer>}]	16	static
c:\st\stm32cubeide_1.7.0\stm32cubeide\plugins\com.st.stm32cube.ide.mcu.externaltools.gnu-tools-for-stm32.10.3-2021.10.win32_1.0.0.202111181127\tools\arm-none-eabi\include\c++\10.3.1\tuple:204:7:>&) [with unsigned int _Idx = 0; _Head = QAD_UART*; _Tail = {std::default_delete<QAD_UART>}]	16	static
c:\st\stm32cubeide_1.7.0\stm32cubeide\plugins\com.st.stm32cube.ide.mcu.externaltools.gnu-tools-for-stm32.10.3-2021.10.win32_1.0.0.202111181127\tools\arm-none-eabi\include\c++\10.3.1\tuple:204:7:>&) [with unsigned int _Idx = 0; _Head = QAT_FIFOBuffer*; _Tail = {std::default_delete<QAT_FIFOBuffer>}]	16	static
c:\st\stm32cubeide_1.7.0\stm32cubeide\plugins\com.st.stm32cube.ide.mcu.externaltools.gnu-tools-for-stm32.10.3-2021.10.win32_1.0.0.202111181127\tools\arm-none-eabi\include\c++\10.3.1\tuple:169:7:static constexpr const _Head& std::_Head_base<_Idx, _Head, false>::_M_head(const std::_Head_base<_Idx, _Head, false>&) [with unsigned int _Idx = 0; _Head = QAD_UART*]	16	static
c:\st\stm32cubeide_1.7.0\stm32cubeide\plugins\com.st.stm32cube.ide.mcu.externaltools.gnu-tools-for-stm32.10.3-2021.10.win32_1.0.0.202111181127\tools\arm-none-eabi\include\c++\10.3.1\tuple:169:7:static constexpr const _Head& std::_Head_base<_Idx, _Head, false>::_M_head(const std::_Head_base<_Idx, _Head, false>&) [with unsigned int _Idx = 0; _Head = QAT_FIFOBuffer*]	16	static
