../QA_Drivers/QAD_Servo.cpp:32:11:QA_Result QAD_Servo::init()	16	static
../QA_Drivers/QAD_Servo.cpp:47:6:void QAD_Servo::deinit()	16	static
../QA_Drivers/QAD_Servo.cpp:62:6:void QAD_Servo::setCenter(uint32_t)	24	static
../QA_Drivers/QAD_Servo.cpp:76:6:void QAD_Servo::setMin(uint32_t)	24	static
../QA_Drivers/QAD_Servo.cpp:93:6:void QAD_Servo::setMax(uint32_t)	24	static
../QA_Drivers/QAD_Servo.cpp:110:6:void QAD_Servo::setCurrent(uint32_t)	24	static
../QA_Drivers/QAD_Servo.cpp:126:6:void QAD_Servo::setPosition(float)	40	static
../QA_Drivers/QAD_Servo.cpp:158:10:uint32_t QAD_Servo::getCenter()	16	static
../QA_Drivers/QAD_Servo.cpp:165:10:uint32_t QAD_Servo::getMin()	16	static
../QA_Drivers/QAD_Servo.cpp:172:10:uint32_t QAD_Servo::getMax()	16	static
../QA_Drivers/QAD_Servo.cpp:179:10:uint32_t QAD_Servo::getCurrent()	16	static
../QA_Drivers/QAD_Servo.cpp:186:6:void QAD_Servo::center()	16	static
../QA_Drivers/QAD_Servo.cpp:195:6:void QAD_Servo::min()	16	static
../QA_Drivers/QAD_Servo.cpp:204:6:void QAD_Servo::max()	16	static
../QA_Drivers/QAD_Servo.cpp:217:6:void QAD_Servo::update()	16	static
