../QA_Drivers/QAD_PeripheralManagers/QAD_TimerMgr.hpp:137:23:static QAD_TimerMgr& QAD_TimerMgr::get()	8	static
../QA_Drivers/QAD_PeripheralManagers/QAD_TimerMgr.hpp:149:25:static QAD_Timer_State QAD_TimerMgr::getState(QAD_Timer_Periph)	16	static
../QA_Drivers/QAD_PeripheralManagers/QAD_TimerMgr.hpp:170:17:static uint8_t QAD_TimerMgr::getChannels(QAD_Timer_Periph)	16	static
../QA_Drivers/QAD_PeripheralManagers/QAD_TimerMgr.hpp:191:22:static TIM_TypeDef* QAD_TimerMgr::getInstance(QAD_Timer_Periph)	16	static
../QA_Drivers/QAD_PeripheralManagers/QAD_TimerMgr.hpp:209:19:static QA_Result QAD_TimerMgr::registerTimer(QAD_Timer_Periph, QAD_Timer_State)	16	static
../QA_Drivers/QAD_PeripheralManagers/QAD_TimerMgr.hpp:215:14:static void QAD_TimerMgr::deregisterTimer(QAD_Timer_Periph)	16	static
../QA_Drivers/QAD_PeripheralManagers/QAD_TimerMgr.hpp:245:14:static void QAD_TimerMgr::enableClock(QAD_Timer_Periph)	16	static
../QA_Drivers/QAD_PeripheralManagers/QAD_TimerMgr.hpp:251:14:static void QAD_TimerMgr::disableClock(QAD_Timer_Periph)	16	static
../QA_Drivers/QAD_PWM.cpp:36:11:QA_Result QAD_PWM::init()	24	static
../QA_Drivers/QAD_PWM.cpp:61:6:void QAD_PWM::deinit()	16	static
../QA_Drivers/QAD_PWM.cpp:83:6:void QAD_PWM::start()	24	static
../QA_Drivers/QAD_PWM.cpp:102:6:void QAD_PWM::stop()	24	static
../QA_Drivers/QAD_PWM.cpp:123:6:void QAD_PWM::setPWMVal(QAD_PWM_Channel, uint16_t)	16	static
../QA_Drivers/QAD_PWM.cpp:138:10:uint16_t QAD_PWM::getPeriod()	16	static
../QA_Drivers/QAD_PWM.cpp:155:11:QA_Result QAD_PWM::periphInit()	72	static
../QA_Drivers/QAD_PWM.cpp:230:6:void QAD_PWM::periphDeinit(QAD_PWM::DeinitMode)	24	static
