../QA_Drivers/QAD_PeripheralManagers/QAD_UARTMgr.hpp:116:22:static QAD_UARTMgr& QAD_UARTMgr::get()	8	static
../QA_Drivers/QAD_PeripheralManagers/QAD_UARTMgr.hpp:128:24:static QAD_UART_State QAD_UARTMgr::getState(QAD_UART_Periph)	16	static
../QA_Drivers/QAD_PeripheralManagers/QAD_UARTMgr.hpp:138:24:static USART_TypeDef* QAD_UARTMgr::getInstance(QAD_UART_Periph)	16	static
../QA_Drivers/QAD_PeripheralManagers/QAD_UARTMgr.hpp:148:19:static IRQn_Type QAD_UARTMgr::getIRQ(QAD_UART_Periph)	16	static
../QA_Drivers/QAD_PeripheralManagers/QAD_UARTMgr.hpp:162:19:static QA_Result QAD_UARTMgr::registerUART(QAD_UART_Periph)	16	static
../QA_Drivers/QAD_PeripheralManagers/QAD_UARTMgr.hpp:168:14:static void QAD_UARTMgr::deregisterUART(QAD_UART_Periph)	16	static
../QA_Drivers/QAD_PeripheralManagers/QAD_UARTMgr.hpp:178:14:static void QAD_UARTMgr::enableClock(QAD_UART_Periph)	16	static
../QA_Drivers/QAD_PeripheralManagers/QAD_UARTMgr.hpp:184:14:static void QAD_UARTMgr::disableClock(QAD_UART_Periph)	16	static
../QA_Drivers/QAD_UART.cpp:40:11:QA_Result QAD_UART::init()	24	static
../QA_Drivers/QAD_UART.cpp:65:6:void QAD_UART::deinit()	16	static
../QA_Drivers/QAD_UART.cpp:83:14:QA_InitState QAD_UART::getState()	16	static
../QA_Drivers/QAD_UART.cpp:92:21:UART_HandleTypeDef& QAD_UART::getHandle()	16	static
../QA_Drivers/QAD_UART.cpp:104:6:void QAD_UART::startTX()	16	static
../QA_Drivers/QAD_UART.cpp:118:6:void QAD_UART::stopTX()	16	static
../QA_Drivers/QAD_UART.cpp:133:16:QA_ActiveState QAD_UART::getTXState()	16	static
../QA_Drivers/QAD_UART.cpp:144:6:void QAD_UART::startRX()	16	static
../QA_Drivers/QAD_UART.cpp:158:6:void QAD_UART::stopRX()	16	static
../QA_Drivers/QAD_UART.cpp:173:16:QA_ActiveState QAD_UART::getRXState()	16	static
../QA_Drivers/QAD_UART.cpp:189:6:void QAD_UART::dataTX(uint8_t)	16	static
../QA_Drivers/QAD_UART.cpp:201:9:uint8_t QAD_UART::dataRX()	16	static
../QA_Drivers/QAD_UART.cpp:219:11:QA_Result QAD_UART::periphInit()	40	static
../QA_Drivers/QAD_UART.cpp:280:6:void QAD_UART::periphDeinit(QAD_UART::DeinitMode)	16	static
