QAD_UARTMgr.hpp:107:22:static QAD_UARTMgr& QAD_UARTMgr::get()	8	static
QAD_UARTMgr.hpp:119:24:static QAD_UART_State QAD_UARTMgr::getState(QAD_UART_Periph)	16	static
QAD_UARTMgr.hpp:129:24:static USART_TypeDef* QAD_UARTMgr::getInstance(QAD_UART_Periph)	16	static
QAD_UARTMgr.hpp:139:19:static IRQn_Type QAD_UARTMgr::getIRQ(QAD_UART_Periph)	16	static
QAD_UARTMgr.hpp:153:19:static QA_Result QAD_UARTMgr::registerUART(QAD_UART_Periph)	16	static
QAD_UARTMgr.hpp:159:14:static void QAD_UARTMgr::deregisterUART(QAD_UART_Periph)	16	static
QAD_UARTMgr.hpp:169:14:static void QAD_UARTMgr::enableClock(QAD_UART_Periph)	16	static
QAD_UARTMgr.hpp:175:14:static void QAD_UARTMgr::disableClock(QAD_UART_Periph)	16	static
QAD_UART.cpp:37:11:QA_Result QAD_UART::init()	24	static
QAD_UART.cpp:54:6:void QAD_UART::deinit()	16	static
QAD_UART.cpp:67:14:QA_InitState QAD_UART::getState()	16	static
QAD_UART.cpp:76:21:UART_HandleTypeDef& QAD_UART::getHandle()	16	static
QAD_UART.cpp:88:6:void QAD_UART::startTX()	16	static
QAD_UART.cpp:98:6:void QAD_UART::stopTX()	16	static
QAD_UART.cpp:108:16:QA_ActiveState QAD_UART::getTXState()	16	static
QAD_UART.cpp:117:6:void QAD_UART::startRX()	16	static
QAD_UART.cpp:127:6:void QAD_UART::stopRX()	16	static
QAD_UART.cpp:137:16:QA_ActiveState QAD_UART::getRXState()	16	static
QAD_UART.cpp:151:6:void QAD_UART::dataTX(uint8_t)	16	static
QAD_UART.cpp:161:9:uint8_t QAD_UART::dataRX()	16	static
QAD_UART.cpp:177:11:QA_Result QAD_UART::periphInit()	40	static
QAD_UART.cpp:237:6:void QAD_UART::periphDeinit(QAD_UART::DeinitMode)	16	static
