08:13:58 **** Build of configuration Debug for project STM32 F4N ****
make -j8 all 
arm-none-eabi-g++ "../QA_Drivers/QAD_PeripheralManagers/QAD_I2CMgr.cpp" -mcpu=cortex-m4 -std=gnu++14 -g3 -DDEBUG -DUSE_HAL_DRIVER -DSTM32F411xE -c -I../Drivers/STM32F4xx_HAL_Driver/Inc -I../Drivers/STM32F4xx_HAL_Driver/Inc/Legacy -I../Drivers/CMSIS/Device/ST/STM32F4xx/Include -I../Drivers/CMSIS/Include -I../Core -I../QA_Drivers -I../QA_Drivers/QAD_PeripheralManagers -I../QA_Tools -I../QA_Systems -I../QA_Systems/QAS_Serial -O0 -ffunction-sections -fdata-sections -fno-exceptions -fno-rtti -fno-use-cxa-atexit -Wall -fstack-usage -MMD -MP -MF"QA_Drivers/QAD_PeripheralManagers/QAD_I2CMgr.d" -MT"QA_Drivers/QAD_PeripheralManagers/QAD_I2CMgr.o" --specs=nano.specs -mfpu=fpv4-sp-d16 -mfloat-abi=hard -mthumb -o "QA_Drivers/QAD_PeripheralManagers/QAD_I2CMgr.o"
arm-none-eabi-g++ "../QA_Drivers/QAD_I2C.cpp" -mcpu=cortex-m4 -std=gnu++14 -g3 -DDEBUG -DUSE_HAL_DRIVER -DSTM32F411xE -c -I../Drivers/STM32F4xx_HAL_Driver/Inc -I../Drivers/STM32F4xx_HAL_Driver/Inc/Legacy -I../Drivers/CMSIS/Device/ST/STM32F4xx/Include -I../Drivers/CMSIS/Include -I../Core -I../QA_Drivers -I../QA_Drivers/QAD_PeripheralManagers -I../QA_Tools -I../QA_Systems -I../QA_Systems/QAS_Serial -O0 -ffunction-sections -fdata-sections -fno-exceptions -fno-rtti -fno-use-cxa-atexit -Wall -fstack-usage -MMD -MP -MF"QA_Drivers/QAD_I2C.d" -MT"QA_Drivers/QAD_I2C.o" --specs=nano.specs -mfpu=fpv4-sp-d16 -mfloat-abi=hard -mthumb -o "QA_Drivers/QAD_I2C.o"
arm-none-eabi-g++ "../Core/main.cpp" -mcpu=cortex-m4 -std=gnu++14 -g3 -DDEBUG -DUSE_HAL_DRIVER -DSTM32F411xE -c -I../Drivers/STM32F4xx_HAL_Driver/Inc -I../Drivers/STM32F4xx_HAL_Driver/Inc/Legacy -I../Drivers/CMSIS/Device/ST/STM32F4xx/Include -I../Drivers/CMSIS/Include -I../Core -I../QA_Drivers -I../QA_Drivers/QAD_PeripheralManagers -I../QA_Tools -I../QA_Systems -I../QA_Systems/QAS_Serial -O0 -ffunction-sections -fdata-sections -fno-exceptions -fno-rtti -fno-use-cxa-atexit -Wall -fstack-usage -MMD -MP -MF"Core/main.d" -MT"Core/main.o" --specs=nano.specs -mfpu=fpv4-sp-d16 -mfloat-abi=hard -mthumb -o "Core/main.o"
arm-none-eabi-g++ -o "STM32 F4N.elf" @"objects.list"   -mcpu=cortex-m4 -T"C:\Users\binar\Desktop\Quartz Arc\QA Codebase Repos\QA_STM32F411RENUCLEO64\QuartzArc_STM32F411RE_Nucleo64\STM32 F4N\STM32F411RETX_FLASH.ld" --specs=nosys.specs -Wl,-Map="STM32 F4N.map" -Wl,--gc-sections -static --specs=nano.specs -mfpu=fpv4-sp-d16 -mfloat-abi=hard -mthumb -Wl,--start-group -lc -lm -lstdc++ -lsupc++ -Wl,--end-group
Finished building target: STM32 F4N.elf
 
arm-none-eabi-size   STM32\ F4N.elf 
arm-none-eabi-objdump -h -S  STM32\ F4N.elf  > "STM32 F4N.list"
arm-none-eabi-objcopy  -O binary  STM32\ F4N.elf  "STM32 F4N.bin"
   text	   data	    bss	    dec	    hex	filename
  25972	    124	   2148	  28244	   6e54	STM32 F4N.elf
Finished building: default.size.stdout
 
Finished building: STM32 F4N.bin
 
Finished building: STM32 F4N.list
 

08:13:59 Build Finished. 0 errors, 0 warnings. (took 1s.650ms)

